[1m
============================================================[0m
[1m🧪 COMPREHENSIVE FUNCTIONALITY TEST SUITE[0m
[1m============================================================
[0m
[34mTesting Backend: http://localhost:5000[0m
[34mTesting Frontend: http://localhost:3001[0m
[34mStarted: 5/9/2026, 1:42:20 PM
[0m
[36m
📝 Testing Authentication & User Management...[0m
[31m  ✗ User Registration: First name, last name, email, and password are required.[0m
[31m  ✗ User Login: No account found with this email. Please sign up first.[0m
[32m  ✓ Admin Login: Admin login successful[0m
[36m
🏠 Testing Property Management...[0m
[32m  ✓ Get All Properties: Found 35 properties[0m
[32m  ✓ Get Property Details: Property: Bahirdar[0m
[32m  ✓ Search with Filters: Found 10 filtered properties[0m
[32m  ✓ Get Similar Properties: Found 4 similar properties[0m
[32m  ✓ Get Price History: Price history retrieved[0m
[32m  ✓ Advanced Search Filters: Found 0 properties with advanced filters[0m
[36m
🔍 Testing Saved Searches...[0m
[33m  ⚠ All Tests: Skipped - No user token[0m
[36m
❤️  Testing Favorites...[0m
[33m  ⚠ All Tests: Skipped - No user token or property ID[0m
[36m
📊 Testing Leads & Opportunities...[0m
[31m  ✗ Get All Leads: Do not know how to serialize a BigInt[0m
[32m  ✓ Get All Opportunities: Found 10 opportunities[0m
[36m
📝 Testing Blog System...[0m
[32m  ✓ Get All Blog Posts: Found 1 blog posts[0m
[32m  ✓ Get Blog Post by Slug: Post: 10 Tips for First-Time Home Buyers[0m
[32m  ✓ Get Blog Categories: Found 5 categories[0m
[32m  ✓ Get Blog Tags: Found 5 tags[0m
[31m  ✗ Admin Create Blog Post: Missing required fields[0m
[36m
📅 Testing Calendar & Appointments...[0m
[33m  ⚠ All Tests: Skipped - No user token[0m
[36m
🏡 Testing Open Houses...[0m
[32m  ✓ Get All Open Houses: Found 0 open houses[0m
[36m
👑 Testing Admin Panel...[0m
[32m  ✓ Get Platform Stats: Users: 11, Agents: 16[0m
[31m  ✗ Get All Users: Failed to fetch users[0m
[31m  ✗ Get All Agents: Failed to fetch agents[0m
[32m  ✓ Get All Properties (Admin): Found 10 properties[0m
[31m  ✗ Get Top Agents: Failed to fetch top agents[0m
[36m
📄 Testing Document Management...[0m
[31m  ✗ Get All Documents: 
Invalid `prisma.document.findMany()` invocation in
/home/meareg/kw-realstate-web/backend/controllers/documentController.js:33:45

  30   ];
  31 }
  32 
→ 33 const documents = await prisma.document.findMany({
       where: {
         OR: [
           {
             uploadedBy: undefined
           },
           {
             sharedWith: {
               has: undefined
             }
           }
         ]
       },
       include: {
         uploader: {
           select: {
             id: true,
             name: true,
             email: true
           }
         },
         property: {
           select: {
             id: true,
             address: true,
             city: true,
             state: true
           }
         },
         lead: {
           select: {
             id: true,
             name: true,
             email: true
           }
         },
         versions: {
           orderBy: {
             version: "desc"
           },
           take: 1
         }
       },
       orderBy: {
         createdAt: "desc"
       }
     })

Argument `sharedWith` of type StringNullableListFilter needs at least one argument. Available options are marked with ?.[0m
[36m
⚖️  Testing Property Comparison...[0m
[33m  ⚠ All Tests: Skipped - No user token[0m
[36m
🗺️  Testing Map & Geocoding...[0m
[32m  ✓ Search Properties in Area: Found 0 properties in area[0m
[36m
📈 Testing Analytics...[0m
[31m  ✗ Get Analytics Data: Not Found[0m
[36m
💬 Testing Messaging System...[0m
[33m  ⚠ All Tests: Skipped - No user token or property ID[0m
[1m
============================================================[0m
[1m📊 TEST SUMMARY[0m
[1m============================================================[0m
[32m
✓ Passed:  16[0m
[31m✗ Failed:  9[0m
[33m⚠ Warnings: 5[0m
[36m━ Total:   30
[0m
[31mSuccess Rate: 64.0%[0m
[31m
❌ Failed Tests:[0m
[31m  • Auth: User Registration - First name, last name, email, and password are required.[0m
[31m  • Auth: User Login - No account found with this email. Please sign up first.[0m
[31m  • Leads: Get All Leads - Do not know how to serialize a BigInt[0m
[31m  • Blog: Admin Create Blog Post - Missing required fields[0m
[31m  • Admin: Get All Users - Failed to fetch users[0m
[31m  • Admin: Get All Agents - Failed to fetch agents[0m
[31m  • Admin: Get Top Agents - Failed to fetch top agents[0m
[31m  • Documents: Get All Documents - 
Invalid `prisma.document.findMany()` invocation in
/home/meareg/kw-realstate-web/backend/controllers/documentController.js:33:45

  30   ];
  31 }
  32 
→ 33 const documents = await prisma.document.findMany({
       where: {
         OR: [
           {
             uploadedBy: undefined
           },
           {
             sharedWith: {
               has: undefined
             }
           }
         ]
       },
       include: {
         uploader: {
           select: {
             id: true,
             name: true,
             email: true
           }
         },
         property: {
           select: {
             id: true,
             address: true,
             city: true,
             state: true
           }
         },
         lead: {
           select: {
             id: true,
             name: true,
             email: true
           }
         },
         versions: {
           orderBy: {
             version: "desc"
           },
           take: 1
         }
       },
       orderBy: {
         createdAt: "desc"
       }
     })

Argument `sharedWith` of type StringNullableListFilter needs at least one argument. Available options are marked with ?.[0m
[31m  • Analytics: Get Analytics Data - Not Found[0m
[33m
⚠️  Warnings:[0m
[33m  • Saved Searches: All Tests - Skipped - No user token[0m
[33m  • Favorites: All Tests - Skipped - No user token or property ID[0m
[33m  • Calendar: All Tests - Skipped - No user token[0m
[33m  • Comparison: All Tests - Skipped - No user token[0m
[33m  • Messaging: All Tests - Skipped - No user token or property ID[0m
[1m
============================================================[0m
[34mCompleted: 5/9/2026, 1:42:20 PM[0m
[1m============================================================
[0m
